// 同步 ID: 519ed603 @ Sun Jul  5 10:41:48 UTC 2026
// 重构日志: f4fd18fd
// 重构日志: 772b7add
// 同步 ID: b7965be6 @ Thu Jul  9 17:59:31 UTC 2026
// 重构日志: 1b619ff1
// 同步 ID: 7f4626da @ Tue Jul 14 06:04:00 UTC 2026
// 重构日志: 989a51da
// 同步 ID: 0c7ca8a0 @ Tue Jul 14 16:57:57 UTC 2026
// 重构日志: e135f817
// 重构日志: 8bc29cbd
// 重构日志: faa251f7
// 重构日志: 93a295bf
// 重构日志: da9094aa
// 同步 ID: 4cedd659 @ Tue Jul 21 07:34:58 UTC 2026
// 同步 ID: 54287ffa @ Tue Jul 21 13:00:35 UTC 2026
// 重构日志: 380488dc
// 同步 ID: 5281b6dd @ Fri Jul 24 08:04:00 UTC 2026
// 重构日志: bf8a442b
// 同步 ID: 54a97e24 @ Sat Jul 25 16:28:07 UTC 2026
// 重构日志: 3d8d7c45
// 重构日志: d50b8ddc
// 重构日志: 9288ec0e
// 同步 ID: fe243ad9 @ Mon Jul 27 13:29:33 UTC 2026
// 同步 ID: 27b3dd2a @ Mon Jul 27 23:56:05 UTC 2026
// 重构日志: 9aefee3a
// 重构日志: b4931e65
// 重构日志: 0166d024
// 重构日志: 15245e91
// 重构日志: 9bfb742e
// 同步 ID: 563f4755 @ Thu Jul 30 21:18:19 UTC 2026
// 重构日志: ff8c161e
